2026-08-16 08:06:15,200 INFO o.a.j.u.JMeterUtils: Setting Locale to en_EN
2026-08-16 08:06:15,233 INFO o.a.j.JMeter: Loading user properties from: C:\Program Files\JMeter\apache-jmeter-5.6.3\bin\user.properties
2026-08-16 08:06:15,234 INFO o.a.j.JMeter: Loading system properties from: C:\Program Files\JMeter\apache-jmeter-5.6.3\bin\system.properties
2026-08-16 08:06:15,235 INFO o.a.j.JMeter: Setting JMeter property: duration=900
2026-08-16 08:06:15,245 INFO o.a.j.JMeter: Copyright (c) 1998-2024 The Apache Software Foundation
2026-08-16 08:06:15,246 INFO o.a.j.JMeter: Version 5.6.3
2026-08-16 08:06:15,246 INFO o.a.j.JMeter: java.version=17.0.20
2026-08-16 08:06:15,246 INFO o.a.j.JMeter: java.vm.name=OpenJDK 64-Bit Server VM
2026-08-16 08:06:15,246 INFO o.a.j.JMeter: os.name=Windows 11
2026-08-16 08:06:15,246 INFO o.a.j.JMeter: os.arch=amd64
2026-08-16 08:06:15,246 INFO o.a.j.JMeter: os.version=10.0
2026-08-16 08:06:15,246 INFO o.a.j.JMeter: file.encoding=Cp1252
2026-08-16 08:06:15,246 INFO o.a.j.JMeter: java.awt.headless=true
2026-08-16 08:06:15,246 INFO o.a.j.JMeter: Max memory     =1073741824
2026-08-16 08:06:15,246 INFO o.a.j.JMeter: Available Processors =12
2026-08-16 08:06:15,261 INFO o.a.j.JMeter: Default Locale=English (EN)
2026-08-16 08:06:15,262 INFO o.a.j.JMeter: JMeter  Locale=English (EN)
2026-08-16 08:06:15,262 INFO o.a.j.JMeter: JMeterHome=C:\Program Files\JMeter\apache-jmeter-5.6.3
2026-08-16 08:06:15,262 INFO o.a.j.JMeter: user.dir  =C:\Users\Public\Projects\Testing_HCMUS\HW5\eshop-sut\submissions
2026-08-16 08:06:15,263 INFO o.a.j.JMeter: PWD       =C:\Users\Public\Projects\Testing_HCMUS\HW5\eshop-sut\submissions
2026-08-16 08:06:15,271 INFO o.a.j.JMeter: IP: 192.168.1.6 Name: ThinhPhan FullName: ThinhPhan
2026-08-16 08:06:15,291 INFO o.a.j.JMeter: Setting property 'jmeter.reportgenerator.outputdir' to:'C:\Users\Public\Projects\Testing_HCMUS\HW5\eshop-sut\submissions\.\html_report_endurance'
2026-08-16 08:06:15,294 INFO o.a.j.s.FileServer: Default base='C:\Users\Public\Projects\Testing_HCMUS\HW5\eshop-sut\submissions'
2026-08-16 08:06:15,296 INFO o.a.j.s.FileServer: Set new base='C:\Users\Public\Projects\Testing_HCMUS\HW5\eshop-sut\submissions'
2026-08-16 08:06:15,558 INFO o.a.j.s.SaveService: Testplan (JMX) version: 2.2. Testlog (JTL) version: 2.2
2026-08-16 08:06:15,594 INFO o.a.j.s.SaveService: Using SaveService properties version 5.0
2026-08-16 08:06:15,599 INFO o.a.j.s.SaveService: Using SaveService properties file encoding UTF-8
2026-08-16 08:06:15,603 INFO o.a.j.s.SaveService: Loading file: 23127486_Load_20260815.jmx
2026-08-16 08:06:15,693 INFO o.a.j.p.h.s.HTTPSamplerBase: Parser for text/html is org.apache.jmeter.protocol.http.parser.LagartoBasedHtmlParser
2026-08-16 08:06:15,695 INFO o.a.j.p.h.s.HTTPSamplerBase: Parser for application/xhtml+xml is org.apache.jmeter.protocol.http.parser.LagartoBasedHtmlParser
2026-08-16 08:06:15,695 INFO o.a.j.p.h.s.HTTPSamplerBase: Parser for application/xml is org.apache.jmeter.protocol.http.parser.LagartoBasedHtmlParser
2026-08-16 08:06:15,695 INFO o.a.j.p.h.s.HTTPSamplerBase: Parser for text/xml is org.apache.jmeter.protocol.http.parser.LagartoBasedHtmlParser
2026-08-16 08:06:15,695 INFO o.a.j.p.h.s.HTTPSamplerBase: Parser for text/vnd.wap.wml is org.apache.jmeter.protocol.http.parser.RegexpHTMLParser
2026-08-16 08:06:15,695 INFO o.a.j.p.h.s.HTTPSamplerBase: Parser for text/css is org.apache.jmeter.protocol.http.parser.CssParser
2026-08-16 08:06:15,763 INFO o.a.j.JMeter: Creating summariser <summary>
2026-08-16 08:06:15,769 INFO o.a.j.r.d.ReportGenerator: ReportGenerator will use for Parsing the separator: ','
2026-08-16 08:06:15,769 INFO o.a.j.r.d.ReportGenerator: Will generate report at end of test from  results file: soak_test.jtl
2026-08-16 08:06:15,769 INFO o.a.j.r.d.ReportGenerator: Reading report generator properties from: C:\Program Files\JMeter\apache-jmeter-5.6.3\bin\reportgenerator.properties
2026-08-16 08:06:15,771 INFO o.a.j.r.d.ReportGenerator: Merging with JMeter properties
2026-08-16 08:06:15,776 INFO o.a.j.r.c.ReportGeneratorConfiguration: Property 'jmeter.reportgenerator.temp_dir' not found, using default value 'temp' instead.
2026-08-16 08:06:15,781 INFO o.a.j.r.c.ReportGeneratorConfiguration: Property 'jmeter.reportgenerator.apdex_per_transaction' not found, using default value 'null' instead.
2026-08-16 08:06:15,781 INFO o.a.j.r.c.ReportGeneratorConfiguration: apdex_per_transaction is empty, not APDEX per transaction customization
2026-08-16 08:06:15,783 INFO o.a.j.r.c.ReportGeneratorConfiguration: Property 'jmeter.reportgenerator.sample_filter' not found, using default value 'null' instead.
2026-08-16 08:06:15,783 INFO o.a.j.r.c.ReportGeneratorConfiguration: Property 'jmeter.reportgenerator.report_title' not found, using default value 'null' instead.
2026-08-16 08:06:15,783 INFO o.a.j.r.c.ReportGeneratorConfiguration: Property 'jmeter.reportgenerator.start_date' not found, using default value 'null' instead.
2026-08-16 08:06:15,783 INFO o.a.j.r.c.ReportGeneratorConfiguration: Property 'jmeter.reportgenerator.end_date' not found, using default value 'null' instead.
2026-08-16 08:06:15,783 INFO o.a.j.r.c.ReportGeneratorConfiguration: Property 'jmeter.reportgenerator.date_format' not found, using default value 'null' instead.
2026-08-16 08:06:15,784 INFO o.a.j.r.c.ReportGeneratorConfiguration: Will use date range start date: null, end date: null
2026-08-16 08:06:15,789 INFO o.a.j.r.c.ReportGeneratorConfiguration: Property 'jmeter.reportgenerator.graph.totalTPS.exclude_controllers' not found, using default value 'false' instead.
2026-08-16 08:06:15,790 INFO o.a.j.r.c.ReportGeneratorConfiguration: Property 'jmeter.reportgenerator.graph.activeThreadsOverTime.exclude_controllers' not found, using default value 'false' instead.
2026-08-16 08:06:15,790 INFO o.a.j.r.c.ReportGeneratorConfiguration: Property 'jmeter.reportgenerator.graph.timeVsThreads.exclude_controllers' not found, using default value 'false' instead.
2026-08-16 08:06:15,790 INFO o.a.j.r.c.ReportGeneratorConfiguration: Property 'jmeter.reportgenerator.graph.responseTimeDistribution.exclude_controllers' not found, using default value 'false' instead.
2026-08-16 08:06:15,791 INFO o.a.j.r.c.ReportGeneratorConfiguration: Property 'jmeter.reportgenerator.graph.transactionsPerSecond.exclude_controllers' not found, using default value 'false' instead.
2026-08-16 08:06:15,791 INFO o.a.j.r.c.ReportGeneratorConfiguration: Property 'jmeter.reportgenerator.graph.responseTimePercentiles.exclude_controllers' not found, using default value 'false' instead.
2026-08-16 08:06:15,791 INFO o.a.j.r.c.ReportGeneratorConfiguration: Property 'jmeter.reportgenerator.graph.responseTimePercentilesOverTime.exclude_controllers' not found, using default value 'false' instead.
2026-08-16 08:06:15,791 INFO o.a.j.r.c.ReportGeneratorConfiguration: Property 'jmeter.reportgenerator.graph.responseTimesOverTime.exclude_controllers' not found, using default value 'false' instead.
2026-08-16 08:06:15,792 INFO o.a.j.r.c.ReportGeneratorConfiguration: Property 'jmeter.reportgenerator.graph.connectTimeOverTime.exclude_controllers' not found, using default value 'false' instead.
2026-08-16 08:06:15,792 INFO o.a.j.r.c.ReportGeneratorConfiguration: Property 'jmeter.reportgenerator.graph.latenciesOverTime.exclude_controllers' not found, using default value 'false' instead.
2026-08-16 08:06:15,793 INFO o.a.j.r.c.ReportGeneratorConfiguration: Property 'jmeter.reportgenerator.exporter.json.filters_only_sample_series' not found, using default value 'true' instead.
2026-08-16 08:06:15,793 INFO o.a.j.r.c.ReportGeneratorConfiguration: Property 'jmeter.reportgenerator.exporter.json.series_filter' not found, using default value '' instead.
2026-08-16 08:06:15,793 INFO o.a.j.r.c.ReportGeneratorConfiguration: Property 'jmeter.reportgenerator.exporter.json.show_controllers_only' not found, using default value 'false' instead.
2026-08-16 08:06:15,794 INFO o.a.j.r.c.ReportGeneratorConfiguration: Property 'jmeter.reportgenerator.exporter.html.filters_only_sample_series' not found, using default value 'true' instead.
2026-08-16 08:06:15,794 INFO o.a.j.r.c.ReportGeneratorConfiguration: Property 'jmeter.reportgenerator.exporter.html.series_filter' not found, using default value '' instead.
2026-08-16 08:06:15,795 INFO o.a.j.r.c.ReportGeneratorConfiguration: Property 'jmeter.reportgenerator.exporter.html.show_controllers_only' not found, using default value 'false' instead.
2026-08-16 08:06:15,815 INFO o.a.j.e.StandardJMeterEngine: Running the test!
2026-08-16 08:06:15,816 INFO o.a.j.s.SampleEvent: List of sample_variables: []
2026-08-16 08:06:15,817 INFO o.a.j.s.SampleEvent: List of sample_variables: []
2026-08-16 08:06:15,823 INFO o.a.j.e.u.CompoundVariable: Note: Function class names must contain the string: '.functions.'
2026-08-16 08:06:15,823 INFO o.a.j.e.u.CompoundVariable: Note: Function class names must not contain the string: '.gui.'
2026-08-16 08:06:15,933 INFO o.a.j.r.ClassFinder: Will scan jar C:\Program Files\JMeter\apache-jmeter-5.6.3\lib\ext\jmeter-plugins-manager-2.0.jar with filter ExtendsClassFilter [parents=[interface org.apache.jmeter.functions.Function], inner=false, contains=null, notContains=null]. Consider exposing JMeter plugins via META-INF/services, and add JMeter-Skip-Class-Scanning=true manifest attribute so JMeter can skip classfile scanning
2026-08-16 08:06:15,996 INFO o.a.j.JMeter: Running test (1786842375996)
2026-08-16 08:06:16,012 INFO o.a.j.e.StandardJMeterEngine: Starting ThreadGroup: 1 : Load ThreadGroup – 20 VU
2026-08-16 08:06:16,012 INFO o.a.j.e.StandardJMeterEngine: Starting 20 threads for group Load ThreadGroup – 20 VU.
2026-08-16 08:06:16,012 INFO o.a.j.e.StandardJMeterEngine: Thread will continue on error
2026-08-16 08:06:16,013 INFO o.a.j.t.ThreadGroup: Starting thread group... number=1 threads=20 ramp-up=60 delayedStart=false
2026-08-16 08:06:16,045 INFO o.a.j.t.ThreadGroup: Started thread group number 1
2026-08-16 08:06:16,045 INFO o.a.j.e.StandardJMeterEngine: All thread groups have been started
2026-08-16 08:06:16,085 INFO o.a.j.t.JMeterThread: Thread started: Load ThreadGroup – 20 VU 1-1
2026-08-16 08:06:16,087 INFO o.a.j.s.FileServer: Stored: test_data.csv
2026-08-16 08:06:17,628 INFO o.a.j.p.h.s.HTTPHCAbstractImpl: Local host = ThinhPhan
2026-08-16 08:06:17,638 INFO o.a.j.p.h.s.HTTPHC4Impl: HTTP request retry count = 0
2026-08-16 08:06:17,641 INFO o.a.j.s.SampleResult: Note: Sample TimeStamps are START times
2026-08-16 08:06:17,641 INFO o.a.j.s.SampleResult: sampleresult.default.encoding is set to UTF-8
2026-08-16 08:06:17,641 INFO o.a.j.s.SampleResult: sampleresult.useNanoTime=true
2026-08-16 08:06:17,641 INFO o.a.j.s.SampleResult: sampleresult.nanoThreadSleep=5000
2026-08-16 08:06:19,080 INFO o.a.j.t.JMeterThread: Thread started: Load ThreadGroup – 20 VU 1-2
2026-08-16 08:06:21,865 INFO o.a.j.u.JsseSSLManager: Using default SSL protocol: TLS
2026-08-16 08:06:21,865 INFO o.a.j.u.JsseSSLManager: SSL session context: per-thread
2026-08-16 08:06:22,078 INFO o.a.j.t.JMeterThread: Thread started: Load ThreadGroup – 20 VU 1-3
2026-08-16 08:06:25,091 INFO o.a.j.t.JMeterThread: Thread started: Load ThreadGroup – 20 VU 1-4
2026-08-16 08:06:28,083 INFO o.a.j.t.JMeterThread: Thread started: Load ThreadGroup – 20 VU 1-5
2026-08-16 08:06:30,052 INFO o.a.j.r.Summariser: summary +     51 in 00:00:14 =    3.6/s Avg:     8 Min:     1 Max:    60 Err:     0 (0.00%) Active: 5 Started: 5 Finished: 0
2026-08-16 08:06:31,073 INFO o.a.j.t.JMeterThread: Thread started: Load ThreadGroup – 20 VU 1-6
2026-08-16 08:06:34,077 INFO o.a.j.t.JMeterThread: Thread started: Load ThreadGroup – 20 VU 1-7
2026-08-16 08:06:37,071 INFO o.a.j.t.JMeterThread: Thread started: Load ThreadGroup – 20 VU 1-8
2026-08-16 08:06:40,070 INFO o.a.j.t.JMeterThread: Thread started: Load ThreadGroup – 20 VU 1-9
2026-08-16 08:06:43,069 INFO o.a.j.t.JMeterThread: Thread started: Load ThreadGroup – 20 VU 1-10
2026-08-16 08:06:46,069 INFO o.a.j.t.JMeterThread: Thread started: Load ThreadGroup – 20 VU 1-11
2026-08-16 08:06:49,066 INFO o.a.j.t.JMeterThread: Thread started: Load ThreadGroup – 20 VU 1-12
2026-08-16 08:06:52,065 INFO o.a.j.t.JMeterThread: Thread started: Load ThreadGroup – 20 VU 1-13
2026-08-16 08:06:55,065 INFO o.a.j.t.JMeterThread: Thread started: Load ThreadGroup – 20 VU 1-14
2026-08-16 08:06:58,062 INFO o.a.j.t.JMeterThread: Thread started: Load ThreadGroup – 20 VU 1-15
2026-08-16 08:07:00,027 INFO o.a.j.r.Summariser: summary +    436 in 00:00:30 =   14.5/s Avg:     9 Min:     1 Max:    47 Err:     0 (0.00%) Active: 15 Started: 15 Finished: 0
2026-08-16 08:07:00,027 INFO o.a.j.r.Summariser: summary =    487 in 00:00:44 =   11.1/s Avg:     9 Min:     1 Max:    60 Err:     0 (0.00%)
2026-08-16 08:07:01,059 INFO o.a.j.t.JMeterThread: Thread started: Load ThreadGroup – 20 VU 1-16
2026-08-16 08:07:04,060 INFO o.a.j.t.JMeterThread: Thread started: Load ThreadGroup – 20 VU 1-17
2026-08-16 08:07:07,057 INFO o.a.j.t.JMeterThread: Thread started: Load ThreadGroup – 20 VU 1-18
2026-08-16 08:07:10,056 INFO o.a.j.t.JMeterThread: Thread started: Load ThreadGroup – 20 VU 1-19
2026-08-16 08:07:13,055 INFO o.a.j.t.JMeterThread: Thread started: Load ThreadGroup – 20 VU 1-20
2026-08-16 08:07:30,026 INFO o.a.j.r.Summariser: summary +    824 in 00:00:30 =   27.5/s Avg:     9 Min:     0 Max:    70 Err:     0 (0.00%) Active: 20 Started: 20 Finished: 0
2026-08-16 08:07:30,027 INFO o.a.j.r.Summariser: summary =   1311 in 00:01:14 =   17.7/s Avg:     9 Min:     0 Max:    70 Err:     0 (0.00%)
2026-08-16 08:08:00,039 INFO o.a.j.r.Summariser: summary +    880 in 00:00:30 =   29.3/s Avg:     8 Min:     0 Max:    52 Err:     0 (0.00%) Active: 20 Started: 20 Finished: 0
2026-08-16 08:08:00,040 INFO o.a.j.r.Summariser: summary =   2191 in 00:01:44 =   21.1/s Avg:     9 Min:     0 Max:    70 Err:     0 (0.00%)
2026-08-16 08:08:30,020 INFO o.a.j.r.Summariser: summary +    886 in 00:00:30 =   29.6/s Avg:     8 Min:     0 Max:    71 Err:     0 (0.00%) Active: 20 Started: 20 Finished: 0
2026-08-16 08:08:30,020 INFO o.a.j.r.Summariser: summary =   3077 in 00:02:14 =   23.0/s Avg:     9 Min:     0 Max:    71 Err:     0 (0.00%)
2026-08-16 08:09:00,050 INFO o.a.j.r.Summariser: summary +    884 in 00:00:30 =   29.4/s Avg:     9 Min:     0 Max:    51 Err:     0 (0.00%) Active: 20 Started: 20 Finished: 0
2026-08-16 08:09:00,051 INFO o.a.j.r.Summariser: summary =   3961 in 00:02:44 =   24.1/s Avg:     9 Min:     0 Max:    71 Err:     0 (0.00%)
2026-08-16 08:09:30,020 INFO o.a.j.r.Summariser: summary +    882 in 00:00:30 =   29.4/s Avg:     8 Min:     0 Max:    53 Err:     0 (0.00%) Active: 20 Started: 20 Finished: 0
2026-08-16 08:09:30,021 INFO o.a.j.r.Summariser: summary =   4843 in 00:03:14 =   25.0/s Avg:     9 Min:     0 Max:    71 Err:     0 (0.00%)
2026-08-16 08:10:00,020 INFO o.a.j.r.Summariser: summary +    881 in 00:00:30 =   29.4/s Avg:     9 Min:     0 Max:    53 Err:     0 (0.00%) Active: 20 Started: 20 Finished: 0
2026-08-16 08:10:00,022 INFO o.a.j.r.Summariser: summary =   5724 in 00:03:44 =   25.6/s Avg:     9 Min:     0 Max:    71 Err:     0 (0.00%)
2026-08-16 08:10:30,004 INFO o.a.j.r.Summariser: summary +    880 in 00:00:30 =   29.3/s Avg:    10 Min:     0 Max:    65 Err:     0 (0.00%) Active: 20 Started: 20 Finished: 0
2026-08-16 08:10:30,005 INFO o.a.j.r.Summariser: summary =   6604 in 00:04:14 =   26.0/s Avg:     9 Min:     0 Max:    71 Err:     0 (0.00%)
2026-08-16 08:11:00,067 INFO o.a.j.r.Summariser: summary +    881 in 00:00:30 =   29.3/s Avg:     9 Min:     0 Max:    57 Err:     0 (0.00%) Active: 20 Started: 20 Finished: 0
2026-08-16 08:11:00,068 INFO o.a.j.r.Summariser: summary =   7485 in 00:04:44 =   26.3/s Avg:     9 Min:     0 Max:    71 Err:     0 (0.00%)
2026-08-16 08:11:30,099 INFO o.a.j.r.Summariser: summary +    882 in 00:00:30 =   29.4/s Avg:     9 Min:     0 Max:    55 Err:     0 (0.00%) Active: 20 Started: 20 Finished: 0
2026-08-16 08:11:30,100 INFO o.a.j.r.Summariser: summary =   8367 in 00:05:14 =   26.6/s Avg:     9 Min:     0 Max:    71 Err:     0 (0.00%)
2026-08-16 08:12:00,001 INFO o.a.j.r.Summariser: summary +    883 in 00:00:30 =   29.5/s Avg:     9 Min:     0 Max:    77 Err:     0 (0.00%) Active: 20 Started: 20 Finished: 0
2026-08-16 08:12:00,002 INFO o.a.j.r.Summariser: summary =   9250 in 00:05:44 =   26.9/s Avg:     9 Min:     0 Max:    77 Err:     0 (0.00%)
2026-08-16 08:12:30,019 INFO o.a.j.r.Summariser: summary +    881 in 00:00:30 =   29.3/s Avg:    10 Min:     0 Max:    77 Err:     0 (0.00%) Active: 20 Started: 20 Finished: 0
2026-08-16 08:12:30,020 INFO o.a.j.r.Summariser: summary =  10131 in 00:06:14 =   27.1/s Avg:     9 Min:     0 Max:    77 Err:     0 (0.00%)
2026-08-16 08:13:00,016 INFO o.a.j.r.Summariser: summary +    878 in 00:00:30 =   29.3/s Avg:     9 Min:     0 Max:   125 Err:     0 (0.00%) Active: 20 Started: 20 Finished: 0
2026-08-16 08:13:00,017 INFO o.a.j.r.Summariser: summary =  11009 in 00:06:44 =   27.2/s Avg:     9 Min:     0 Max:   125 Err:     0 (0.00%)
2026-08-16 08:13:30,107 INFO o.a.j.r.Summariser: summary +    882 in 00:00:30 =   29.3/s Avg:     9 Min:     0 Max:    78 Err:     0 (0.00%) Active: 20 Started: 20 Finished: 0
2026-08-16 08:13:30,107 INFO o.a.j.r.Summariser: summary =  11891 in 00:07:14 =   27.4/s Avg:     9 Min:     0 Max:   125 Err:     0 (0.00%)
2026-08-16 08:14:00,160 INFO o.a.j.r.Summariser: summary +    884 in 00:00:30 =   29.4/s Avg:    10 Min:     0 Max:    79 Err:     0 (0.00%) Active: 20 Started: 20 Finished: 0
2026-08-16 08:14:00,161 INFO o.a.j.r.Summariser: summary =  12775 in 00:07:44 =   27.5/s Avg:     9 Min:     0 Max:   125 Err:     0 (0.00%)
2026-08-16 08:14:30,089 INFO o.a.j.r.Summariser: summary +    882 in 00:00:30 =   29.5/s Avg:     9 Min:     0 Max:    68 Err:     0 (0.00%) Active: 20 Started: 20 Finished: 0
2026-08-16 08:14:30,090 INFO o.a.j.r.Summariser: summary =  13657 in 00:08:14 =   27.6/s Avg:     9 Min:     0 Max:   125 Err:     0 (0.00%)
2026-08-16 08:15:00,074 INFO o.a.j.r.Summariser: summary +    880 in 00:00:30 =   29.3/s Avg:     9 Min:     0 Max:    54 Err:     0 (0.00%) Active: 20 Started: 20 Finished: 0
2026-08-16 08:15:00,074 INFO o.a.j.r.Summariser: summary =  14537 in 00:08:44 =   27.7/s Avg:     9 Min:     0 Max:   125 Err:     0 (0.00%)
2026-08-16 08:15:30,172 INFO o.a.j.r.Summariser: summary +    888 in 00:00:30 =   29.5/s Avg:    10 Min:     0 Max:    64 Err:     0 (0.00%) Active: 20 Started: 20 Finished: 0
2026-08-16 08:15:30,173 INFO o.a.j.r.Summariser: summary =  15425 in 00:09:14 =   27.8/s Avg:     9 Min:     0 Max:   125 Err:     0 (0.00%)
2026-08-16 08:16:00,129 INFO o.a.j.r.Summariser: summary +    890 in 00:00:30 =   29.7/s Avg:     5 Min:     0 Max:    49 Err:     0 (0.00%) Active: 20 Started: 20 Finished: 0
2026-08-16 08:16:00,129 INFO o.a.j.r.Summariser: summary =  16315 in 00:09:44 =   27.9/s Avg:     9 Min:     0 Max:   125 Err:     0 (0.00%)
2026-08-16 08:16:30,058 INFO o.a.j.r.Summariser: summary +    890 in 00:00:30 =   29.7/s Avg:     4 Min:     0 Max:    29 Err:     0 (0.00%) Active: 20 Started: 20 Finished: 0
2026-08-16 08:16:30,059 INFO o.a.j.r.Summariser: summary =  17205 in 00:10:14 =   28.0/s Avg:     9 Min:     0 Max:   125 Err:     0 (0.00%)
2026-08-16 08:17:00,069 INFO o.a.j.r.Summariser: summary +    884 in 00:00:30 =   29.5/s Avg:     4 Min:     0 Max:    33 Err:     0 (0.00%) Active: 20 Started: 20 Finished: 0
2026-08-16 08:17:00,069 INFO o.a.j.r.Summariser: summary =  18089 in 00:10:44 =   28.1/s Avg:     8 Min:     0 Max:   125 Err:     0 (0.00%)
2026-08-16 08:17:30,123 INFO o.a.j.r.Summariser: summary +    882 in 00:00:30 =   29.3/s Avg:     8 Min:     0 Max:    80 Err:     0 (0.00%) Active: 20 Started: 20 Finished: 0
2026-08-16 08:17:30,125 INFO o.a.j.r.Summariser: summary =  18971 in 00:11:14 =   28.1/s Avg:     8 Min:     0 Max:   125 Err:     0 (0.00%)
2026-08-16 08:18:00,216 INFO o.a.j.r.Summariser: summary +    884 in 00:00:30 =   29.4/s Avg:    10 Min:     0 Max:    91 Err:     0 (0.00%) Active: 20 Started: 20 Finished: 0
2026-08-16 08:18:00,216 INFO o.a.j.r.Summariser: summary =  19855 in 00:11:44 =   28.2/s Avg:     8 Min:     0 Max:   125 Err:     0 (0.00%)
2026-08-16 08:18:30,170 INFO o.a.j.r.Summariser: summary +    882 in 00:00:30 =   29.4/s Avg:     9 Min:     1 Max:    54 Err:     0 (0.00%) Active: 20 Started: 20 Finished: 0
2026-08-16 08:18:30,171 INFO o.a.j.r.Summariser: summary =  20737 in 00:12:14 =   28.2/s Avg:     8 Min:     0 Max:   125 Err:     0 (0.00%)
2026-08-16 08:19:00,057 INFO o.a.j.r.Summariser: summary +    874 in 00:00:30 =   29.2/s Avg:    10 Min:     0 Max:    78 Err:     0 (0.00%) Active: 20 Started: 20 Finished: 0
2026-08-16 08:19:00,058 INFO o.a.j.r.Summariser: summary =  21611 in 00:12:44 =   28.3/s Avg:     8 Min:     0 Max:   125 Err:     0 (0.00%)
2026-08-16 08:19:30,111 INFO o.a.j.r.Summariser: summary +    884 in 00:00:30 =   29.4/s Avg:    10 Min:     0 Max:    77 Err:     0 (0.00%) Active: 20 Started: 20 Finished: 0
2026-08-16 08:19:30,112 INFO o.a.j.r.Summariser: summary =  22495 in 00:13:14 =   28.3/s Avg:     9 Min:     0 Max:   125 Err:     0 (0.00%)
2026-08-16 08:20:00,004 INFO o.a.j.r.Summariser: summary +    886 in 00:00:30 =   29.6/s Avg:     9 Min:     0 Max:    76 Err:     0 (0.00%) Active: 20 Started: 20 Finished: 0
2026-08-16 08:20:00,004 INFO o.a.j.r.Summariser: summary =  23381 in 00:13:44 =   28.4/s Avg:     9 Min:     0 Max:   125 Err:     0 (0.00%)
2026-08-16 08:20:30,000 INFO o.a.j.r.Summariser: summary +    888 in 00:00:30 =   29.6/s Avg:     6 Min:     0 Max:    57 Err:     0 (0.00%) Active: 20 Started: 20 Finished: 0
2026-08-16 08:20:30,001 INFO o.a.j.r.Summariser: summary =  24269 in 00:14:14 =   28.4/s Avg:     8 Min:     0 Max:   125 Err:     0 (0.00%)
2026-08-16 08:21:00,100 INFO o.a.j.r.Summariser: summary +    898 in 00:00:30 =   29.8/s Avg:     4 Min:     0 Max:    34 Err:     0 (0.00%) Active: 20 Started: 20 Finished: 0
2026-08-16 08:21:00,101 INFO o.a.j.r.Summariser: summary =  25167 in 00:14:44 =   28.5/s Avg:     8 Min:     0 Max:   125 Err:     0 (0.00%)
2026-08-16 08:21:14,559 INFO o.a.j.t.JMeterThread: Thread finished: Load ThreadGroup – 20 VU 1-11
2026-08-16 08:21:14,574 INFO o.a.j.t.JMeterThread: Thread finished: Load ThreadGroup – 20 VU 1-15
2026-08-16 08:21:14,574 INFO o.a.j.t.JMeterThread: Thread finished: Load ThreadGroup – 20 VU 1-20
2026-08-16 08:21:14,599 INFO o.a.j.t.JMeterThread: Thread finished: Load ThreadGroup – 20 VU 1-16
2026-08-16 08:21:14,629 INFO o.a.j.t.JMeterThread: Thread finished: Load ThreadGroup – 20 VU 1-7
2026-08-16 08:21:14,635 INFO o.a.j.t.JMeterThread: Thread finished: Load ThreadGroup – 20 VU 1-4
2026-08-16 08:21:14,646 INFO o.a.j.t.JMeterThread: Thread finished: Load ThreadGroup – 20 VU 1-3
2026-08-16 08:21:14,647 INFO o.a.j.t.JMeterThread: Thread finished: Load ThreadGroup – 20 VU 1-18
2026-08-16 08:21:14,653 INFO o.a.j.t.JMeterThread: Thread finished: Load ThreadGroup – 20 VU 1-12
2026-08-16 08:21:14,653 INFO o.a.j.t.JMeterThread: Thread finished: Load ThreadGroup – 20 VU 1-8
2026-08-16 08:21:14,660 INFO o.a.j.t.JMeterThread: Thread finished: Load ThreadGroup – 20 VU 1-1
2026-08-16 08:21:14,771 INFO o.a.j.t.JMeterThread: Thread finished: Load ThreadGroup – 20 VU 1-19
2026-08-16 08:21:15,301 INFO o.a.j.t.JMeterThread: Thread finished: Load ThreadGroup – 20 VU 1-14
2026-08-16 08:21:15,306 INFO o.a.j.t.JMeterThread: Thread finished: Load ThreadGroup – 20 VU 1-10
2026-08-16 08:21:15,310 INFO o.a.j.t.JMeterThread: Thread finished: Load ThreadGroup – 20 VU 1-9
2026-08-16 08:21:15,819 INFO o.a.j.t.JMeterThread: Thread finished: Load ThreadGroup – 20 VU 1-17
2026-08-16 08:21:15,823 INFO o.a.j.t.JMeterThread: Thread finished: Load ThreadGroup – 20 VU 1-5
2026-08-16 08:21:15,847 INFO o.a.j.t.JMeterThread: Thread finished: Load ThreadGroup – 20 VU 1-6
2026-08-16 08:21:15,880 INFO o.a.j.t.JMeterThread: Thread finished: Load ThreadGroup – 20 VU 1-2
2026-08-16 08:21:15,898 INFO o.a.j.t.JMeterThread: Thread finished: Load ThreadGroup – 20 VU 1-13
2026-08-16 08:21:15,898 INFO o.a.j.e.StandardJMeterEngine: Notifying test listeners of end of test
2026-08-16 08:21:15,899 INFO o.a.j.s.FileServer: Close: test_data.csv
2026-08-16 08:21:15,900 INFO o.a.j.r.Summariser: summary +    457 in 00:00:16 =   28.9/s Avg:     4 Min:     0 Max:    38 Err:     0 (0.00%) Active: 0 Started: 20 Finished: 20
2026-08-16 08:21:15,901 INFO o.a.j.r.Summariser: summary =  25624 in 00:15:00 =   28.5/s Avg:     8 Min:     0 Max:   125 Err:     0 (0.00%)
2026-08-16 08:21:15,901 INFO o.a.j.JMeter: Generating Dashboard
2026-08-16 08:21:15,901 INFO o.a.j.r.d.ReportGenerator: Flushing result collector before report Generation
2026-08-16 08:21:15,926 INFO o.a.j.r.p.NormalizerSampleConsumer: Using format, 'ms', to parse timeStamp field
2026-08-16 08:21:16,898 INFO o.a.j.r.p.AbstractSampleConsumer: class org.apache.jmeter.report.processor.AggregateConsumer#stopProducing(): beginDate produced 0 samples
2026-08-16 08:21:16,898 INFO o.a.j.r.p.AbstractSampleConsumer: class org.apache.jmeter.report.processor.AggregateConsumer#stopProducing(): endDate produced 0 samples
2026-08-16 08:21:16,900 INFO o.a.j.r.p.AbstractSampleConsumer: class org.apache.jmeter.report.processor.ApdexSummaryConsumer#stopProducing(): apdexSummary produced 0 samples
2026-08-16 08:21:16,900 INFO o.a.j.r.p.AbstractSampleConsumer: class org.apache.jmeter.report.processor.RequestsSummaryConsumer#stopProducing(): requestsSummary produced 0 samples
2026-08-16 08:21:16,921 INFO o.a.j.r.p.AbstractSampleConsumer: class org.apache.jmeter.report.processor.StatisticsSummaryConsumer#stopProducing(): statisticsSummary produced 0 samples
2026-08-16 08:21:16,924 INFO o.a.j.r.p.AbstractSampleConsumer: class org.apache.jmeter.report.processor.Top5ErrorsBySamplerConsumer#stopProducing(): top5ErrorsBySampler produced 0 samples
2026-08-16 08:21:16,924 INFO o.a.j.r.p.AbstractSampleConsumer: class org.apache.jmeter.report.processor.ErrorsSummaryConsumer#stopProducing(): errorsSummary produced 0 samples
2026-08-16 08:21:16,924 INFO o.a.j.r.p.AbstractSampleConsumer: class org.apache.jmeter.report.processor.graph.impl.HitsPerSecondGraphConsumer#stopProducing(): hitsPerSecond produced 0 samples
2026-08-16 08:21:17,140 INFO o.a.j.r.p.AbstractSampleConsumer: class org.apache.jmeter.report.processor.graph.impl.LatencyVSRequestGraphConsumer#stopProducing(): latencyVsRequest produced 0 samples
2026-08-16 08:21:17,143 INFO o.a.j.r.p.AbstractSampleConsumer: class org.apache.jmeter.report.processor.graph.impl.SyntheticResponseTimeDistributionGraphConsumer#stopProducing(): syntheticResponseTimeDistribution produced 0 samples
2026-08-16 08:21:17,143 INFO o.a.j.r.p.AbstractSampleConsumer: class org.apache.jmeter.report.processor.graph.impl.BytesThroughputGraphConsumer#stopProducing(): bytesThroughputOverTime produced 0 samples
2026-08-16 08:21:17,144 INFO o.a.j.r.p.AbstractSampleConsumer: class org.apache.jmeter.report.processor.graph.impl.CodesPerSecondGraphConsumer#stopProducing(): codesPerSecond produced 0 samples
2026-08-16 08:21:17,276 INFO o.a.j.r.p.AbstractSampleConsumer: class org.apache.jmeter.report.processor.graph.impl.ResponseTimeVSRequestGraphConsumer#stopProducing(): responseTimeVsRequest produced 0 samples
2026-08-16 08:21:17,277 INFO o.a.j.r.p.AbstractSampleConsumer: class org.apache.jmeter.report.processor.FilterConsumer#stopProducing(): startIntervalControlerFilter produced 179368 samples
2026-08-16 08:21:17,277 INFO o.a.j.r.p.AbstractSampleConsumer: class org.apache.jmeter.report.processor.graph.impl.TotalTPSGraphConsumer#stopProducing(): totalTPS produced 0 samples
2026-08-16 08:21:17,277 INFO o.a.j.r.p.AbstractSampleConsumer: class org.apache.jmeter.report.processor.graph.impl.ActiveThreadsGraphConsumer#stopProducing(): activeThreadsOverTime produced 0 samples
2026-08-16 08:21:17,278 INFO o.a.j.r.p.AbstractSampleConsumer: class org.apache.jmeter.report.processor.graph.impl.TimeVSThreadGraphConsumer#stopProducing(): timeVsThreads produced 0 samples
2026-08-16 08:21:17,279 INFO o.a.j.r.p.AbstractSampleConsumer: class org.apache.jmeter.report.processor.graph.impl.ResponseTimeDistributionGraphConsumer#stopProducing(): responseTimeDistribution produced 0 samples
2026-08-16 08:21:17,279 INFO o.a.j.r.p.AbstractSampleConsumer: class org.apache.jmeter.report.processor.graph.impl.TransactionsPerSecondGraphConsumer#stopProducing(): transactionsPerSecond produced 0 samples
2026-08-16 08:21:17,280 INFO o.a.j.r.p.AbstractSampleConsumer: class org.apache.jmeter.report.processor.graph.impl.ResponseTimePercentilesGraphConsumer#stopProducing(): responseTimePercentiles produced 0 samples
2026-08-16 08:21:17,285 INFO o.a.j.r.p.AbstractSampleConsumer: class org.apache.jmeter.report.processor.graph.impl.ResponseTimePercentilesOverTimeGraphConsumer#stopProducing(): responseTimePercentilesOverTime produced 0 samples
2026-08-16 08:21:17,287 INFO o.a.j.r.p.AbstractSampleConsumer: class org.apache.jmeter.report.processor.graph.impl.ResponseTimeOverTimeGraphConsumer#stopProducing(): responseTimesOverTime produced 0 samples
2026-08-16 08:21:17,288 INFO o.a.j.r.p.AbstractSampleConsumer: class org.apache.jmeter.report.processor.graph.impl.ConnectTimeOverTimeGraphConsumer#stopProducing(): connectTimeOverTime produced 0 samples
2026-08-16 08:21:17,288 INFO o.a.j.r.p.AbstractSampleConsumer: class org.apache.jmeter.report.processor.graph.impl.LatencyOverTimeGraphConsumer#stopProducing(): latenciesOverTime produced 0 samples
2026-08-16 08:21:17,289 INFO o.a.j.r.p.AbstractSampleConsumer: class org.apache.jmeter.report.processor.FilterConsumer#stopProducing(): nameFilter produced 384360 samples
2026-08-16 08:21:17,289 INFO o.a.j.r.p.AbstractSampleConsumer: class org.apache.jmeter.report.processor.FilterConsumer#stopProducing(): dateRangeFilter produced 76872 samples
2026-08-16 08:21:17,289 INFO o.a.j.r.p.AbstractSampleConsumer: class org.apache.jmeter.report.processor.NormalizerSampleConsumer#stopProducing(): normalizer produced 25624 samples
2026-08-16 08:21:17,290 INFO o.a.j.r.p.CsvFileSampleSource: produce(): 25624 samples produced in 1s 325 ms on channel 0
2026-08-16 08:21:17,290 INFO o.a.j.r.d.ReportGenerator: Exporting data using exporter:'json' of className:'org.apache.jmeter.report.dashboard.JsonExporter'
2026-08-16 08:21:17,389 INFO o.a.j.r.d.JsonExporter: Found data for consumer statisticsSummary in context
2026-08-16 08:21:17,390 INFO o.a.j.r.d.JsonExporter: Creating statistics for overall
2026-08-16 08:21:17,390 INFO o.a.j.r.d.JsonExporter: Creating statistics for other transactions
2026-08-16 08:21:17,391 INFO o.a.j.r.d.JsonExporter: Checking output folder
2026-08-16 08:21:17,391 INFO o.a.j.r.d.JsonExporter: Writing statistics JSON to C:\Users\Public\Projects\Testing_HCMUS\HW5\eshop-sut\submissions\.\html_report_endurance\statistics.json
2026-08-16 08:21:17,461 INFO o.a.j.r.d.ReportGenerator: Exporting data using exporter:'html' of className:'org.apache.jmeter.report.dashboard.HtmlTemplateExporter'
2026-08-16 08:21:17,465 INFO o.a.j.r.d.HtmlTemplateExporter: Will generate dashboard in folder: C:\Users\Public\Projects\Testing_HCMUS\HW5\eshop-sut\submissions\.\html_report_endurance
2026-08-16 08:21:17,661 INFO o.a.j.r.d.HtmlTemplateExporter: Report will be generated in: C:\Users\Public\Projects\Testing_HCMUS\HW5\eshop-sut\submissions\.\html_report_endurance, creating folder structure
2026-08-16 08:21:17,665 INFO o.a.j.r.d.TemplateVisitor: Copying folder from 'C:\Program Files\JMeter\apache-jmeter-5.6.3\bin\report-template' to 'C:\Users\Public\Projects\Testing_HCMUS\HW5\eshop-sut\submissions\.\html_report_endurance', got message: C:\Users\Public\Projects\Testing_HCMUS\HW5\eshop-sut\submissions\.\html_report_endurance, found non empty folder with following content [C:\Users\Public\Projects\Testing_HCMUS\HW5\eshop-sut\submissions\.\html_report_endurance\statistics.json], will be ignored
2026-08-16 08:21:18,171 INFO o.a.j.JMeter: Dashboard generated
